// Jest Snapshot v1, https://jestjs.io/docs/snapshot-testing

exports[`GET /trails ritorna tutti i trail senza filtri 1`] = `
[
  {
    "__v": 0,
    "_id": "6982508dc7564b0065607ff6",
    "ascentM": 0,
    "coordinates": {
      "DD": {
        "lat": 46.4,
        "lon": 11.7,
      },
    },
    "createdAt": "2026-02-03T19:46:21.875Z",
    "descentM": 0,
    "description": "",
    "difficulty": "Medium",
    "directions": "",
    "duration": {
      "hours": 2,
      "minutes": 30,
    },
    "highestPointM": 0,
    "id": "6982508dc7564b0065607ff6",
    "idAdmin": "6982508dc7564b0065607feb",
    "lengthKm": 10,
    "location": {
      "coordinates": [
        11.7,
        46.4,
      ],
      "type": "Point",
    },
    "lowestPointM": 0,
    "parking": "",
    "region": "Trentino",
    "roadbook": "",
    "tags": [
      "scenic",
      "family_friendly",
    ],
    "title": "Trail Test",
    "updatedAt": "2026-02-03T19:46:21.875Z",
    "valley": "Val di Fassa",
  },
  {
    "__v": 0,
    "_id": "6982508dc7564b0065607ffc",
    "ascentM": 0,
    "coordinates": {
      "DD": {
        "lat": 46.4,
        "lon": 11.7,
      },
    },
    "createdAt": "2026-02-03T19:46:21.883Z",
    "descentM": 0,
    "description": "",
    "difficulty": "Medium",
    "directions": "",
    "duration": {
      "hours": 2,
      "minutes": 30,
    },
    "highestPointM": 0,
    "id": "6982508dc7564b0065607ffc",
    "idAdmin": "6982508dc7564b0065607feb",
    "lengthKm": 10,
    "location": {
      "coordinates": [
        11.7,
        46.4,
      ],
      "type": "Point",
    },
    "lowestPointM": 0,
    "parking": "",
    "region": "Trentino",
    "roadbook": "",
    "tags": [
      "scenic",
      "family_friendly",
    ],
    "title": "Altro trail",
    "updatedAt": "2026-02-03T19:46:21.883Z",
    "valley": "Val di Fassa",
  },
]
`;
